src/pages/Contas.tsx(88,27): error TS2339: Property 'destination_account_id' does not exist on type '{ amount: number; category: string; created_at: string; created_by: string; description: string; id: string; product_id: string; store_id: string; type: string; }'.
src/pages/Contas.tsx(89,27): error TS2339: Property 'source_account_id' does not exist on type '{ amount: number; category: string; created_at: string; created_by: string; description: string; id: string; product_id: string; store_id: string; type: string; }'.
src/pages/Contas.tsx(91,33): error TS2339: Property 'net_amount' does not exist on type '{ amount: number; category: string; created_at: string; created_by: string; description: string; id: string; product_id: string; store_id: string; type: string; }'.
src/pages/Contas.tsx(94,28): error TS2339: Property 'expected_settlement_date' does not exist on type '{ amount: number; category: string; created_at: string; created_by: string; description: string; id: string; product_id: string; store_id: string; type: string; }'.
src/pages/Contas.tsx(94,67): error TS2339: Property 'expected_settlement_date' does not exist on type '{ amount: number; category: string; created_at: string; created_by: string; description: string; id: string; product_id: string; store_id: string; type: string; }'.
src/pages/Contas.tsx(104,25): error TS2339: Property 'owner_type' does not exist on type '{ account_number: string; account_type: string; agency: string; bank_name: string; created_at: string; holder_cpf_cnpj: string; holder_name: string; id: string; is_primary: boolean; pix_key: string; store_id: string; updated_at: string; }'.
src/pages/FinancasPF.tsx(57,61): error TS2344: Type '"fixed_expenses"' does not satisfy the constraint '"stores" | "products" | "service_orders" | "customers" | { schema: "public"; } | "profiles" | "sales" | "service_order_history" | "store_bank_accounts" | "transactions" | "user_roles" | "webhooks" | "whatsapp_config"'.
src/pages/FinancasPF.tsx(111,7): error TS2589: Type instantiation is excessively deep and possibly infinite.
src/pages/FinancasPF.tsx(111,21): error TS2769: No overload matches this call.
  Overload 1 of 2, '(relation: "stores" | "products" | "service_orders" | "customers" | "profiles" | "sales" | "service_order_history" | "store_bank_accounts" | "transactions" | "user_roles" | "webhooks" | "whatsapp_config"): PostgrestQueryBuilder<...>', gave the following error.
    Argument of type '"fixed_expenses"' is not assignable to parameter of type '"stores" | "products" | "service_orders" | "customers" | "profiles" | "sales" | "service_order_history" | "store_bank_accounts" | "transactions" | "user_roles" | "webhooks" | "whatsapp_config"'.
  Overload 2 of 2, '(relation: never): PostgrestQueryBuilder<{ PostgrestVersion: "14.4"; }, { Tables: { customers: { Row: { address: string; cpf: string; created_at: string; created_by: string; email: string; id: string; name: string; notes: string; phone: string; updated_at: string; }; Insert: { ...; }; Update: { ...; }; Relationships: []; }; ... 10 more ...; whatsapp_config: { ...; }; }; Views: {}; Functions: { ...; }; Enums: { ...; }; CompositeTypes: {}; }, never, never, never>', gave the following error.
    Argument of type '"fixed_expenses"' is not assignable to parameter of type 'never'.
src/pages/FinancasPF.tsx(115,22): error TS2345: Argument of type '({ brand: string; capacity: string; color: string; condition: string; cost_price: number; created_at: string; created_by: string; id: string; imei: string; model: string; name: string; product_type: string; ... 4 more ...; updated_at: string; } | ... 10 more ... | { ...; })[]' is not assignable to parameter of type 'SetStateAction<never[]>'.
  Type '({ brand: string; capacity: string; color: string; condition: string; cost_price: number; created_at: string; created_by: string; id: string; imei: string; model: string; name: string; product_type: string; ... 4 more ...; updated_at: string; } | ... 10 more ... | { ...; })[]' is not assignable to type 'never[]'.
    Type '{ brand: string; capacity: string; color: string; condition: string; cost_price: number; created_at: string; created_by: string; id: string; imei: string; model: string; name: string; product_type: string; ... 4 more ...; updated_at: string; } | ... 10 more ... | { ...; }' is not assignable to type 'never'.
      Type '{ brand: string; capacity: string; color: string; condition: string; cost_price: number; created_at: string; created_by: string; id: string; imei: string; model: string; name: string; product_type: string; ... 4 more ...; updated_at: string; }' is not assignable to type 'never'.
src/pages/FinancasPF.tsx(237,29): error TS2339: Property 'source_account_id' does not exist on type '{ amount: number; category: string; created_at: string; created_by: string; description: string; id: string; product_id: string; store_id: string; type: string; }'.
src/pages/FinancasPF.tsx(239,30): error TS2339: Property 'receipt_url' does not exist on type '{ amount: number; category: string; created_at: string; created_by: string; description: string; id: string; product_id: string; store_id: string; type: string; }'.
src/pages/FinancasPF.tsx(254,12): error TS2339: Property 'reconciled' does not exist on type '{ amount: number; category: string; created_at: string; created_by: string; description: string; id: string; product_id: string; store_id: string; type: string; }'.
src/pages/FinancasPF.tsx(255,70): error TS2353: Object literal may only specify known properties, and 'reconciled' does not exist in type '{ amount?: number; category?: string; created_at?: string; created_by?: string; description?: string; id?: string; product_id?: string; store_id?: string; type?: string; }'.
src/pages/FinancasPF.tsx(266,30): error TS2339: Property 'receipt_url' does not exist on type '{ amount: number; category: string; created_at: string; created_by: string; description: string; id: string; product_id: string; store_id: string; type: string; }'.
src/pages/FinancasPF.tsx(318,45): error TS2769: No overload matches this call.
  Overload 1 of 2, '(relation: "stores" | "products" | "service_orders" | "customers" | "profiles" | "sales" | "service_order_history" | "store_bank_accounts" | "transactions" | "user_roles" | "webhooks" | "whatsapp_config"): PostgrestQueryBuilder<...>', gave the following error.
    Argument of type '"fixed_expenses"' is not assignable to parameter of type '"stores" | "products" | "service_orders" | "customers" | "profiles" | "sales" | "service_order_history" | "store_bank_accounts" | "transactions" | "user_roles" | "webhooks" | "whatsapp_config"'.
  Overload 2 of 2, '(relation: never): PostgrestQueryBuilder<{ PostgrestVersion: "14.4"; }, { Tables: { customers: { Row: { address: string; cpf: string; created_at: string; created_by: string; email: string; id: string; name: string; notes: string; phone: string; updated_at: string; }; Insert: { ...; }; Update: { ...; }; Relationships: []; }; ... 10 more ...; whatsapp_config: { ...; }; }; Views: {}; Functions: { ...; }; Enums: { ...; }; CompositeTypes: {}; }, never, never, never>', gave the following error.
    Argument of type '"fixed_expenses"' is not assignable to parameter of type 'never'.
src/pages/FinancasPF.tsx(327,45): error TS2769: No overload matches this call.
  Overload 1 of 2, '(relation: "stores" | "products" | "service_orders" | "customers" | "profiles" | "sales" | "service_order_history" | "store_bank_accounts" | "transactions" | "user_roles" | "webhooks" | "whatsapp_config"): PostgrestQueryBuilder<...>', gave the following error.
    Argument of type '"fixed_expenses"' is not assignable to parameter of type '"stores" | "products" | "service_orders" | "customers" | "profiles" | "sales" | "service_order_history" | "store_bank_accounts" | "transactions" | "user_roles" | "webhooks" | "whatsapp_config"'.
  Overload 2 of 2, '(relation: never): PostgrestQueryBuilder<{ PostgrestVersion: "14.4"; }, { Tables: { customers: { Row: { address: string; cpf: string; created_at: string; created_by: string; email: string; id: string; name: string; notes: string; phone: string; updated_at: string; }; Insert: { ...; }; Update: { ...; }; Relationships: []; }; ... 10 more ...; whatsapp_config: { ...; }; }; Views: {}; Functions: { ...; }; Enums: { ...; }; CompositeTypes: {}; }, never, never, never>', gave the following error.
    Argument of type '"fixed_expenses"' is not assignable to parameter of type 'never'.
src/pages/FinancasPF.tsx(327,70): error TS2769: No overload matches this call.
  Overload 1 of 2, '(values: { address?: string; cpf?: string; created_at?: string; created_by: string; email?: string; id?: string; name: string; notes?: string; phone?: string; updated_at?: string; } | { brand: string; capacity?: string; ... 14 more ...; updated_at?: string; } | ... 9 more ... | { ...; }, options?: { ...; }): PostgrestFilterBuilder<...>', gave the following error.
    Argument of type '{ description: string; amount: number; category: string; due_day: number; is_pf: boolean; store_id: string; active: boolean; created_by: string; }' is not assignable to parameter of type '{ address?: string; cpf?: string; created_at?: string; created_by: string; email?: string; id?: string; name: string; notes?: string; phone?: string; updated_at?: string; } | { brand: string; capacity?: string; ... 14 more ...; updated_at?: string; } | ... 9 more ... | { ...; }'.
      Property 'type' is missing in type '{ description: string; amount: number; category: string; due_day: number; is_pf: boolean; store_id: string; active: boolean; created_by: string; }' but required in type '{ amount: number; category?: string; created_at?: string; created_by: string; description?: string; id?: string; product_id?: string; store_id?: string; type: string; }'.
  Overload 2 of 2, '(values: ({ address?: string; cpf?: string; created_at?: string; created_by: string; email?: string; id?: string; name: string; notes?: string; phone?: string; updated_at?: string; } | { brand: string; capacity?: string; ... 14 more ...; updated_at?: string; } | ... 9 more ... | { ...; })[], options?: { ...; }): PostgrestFilterBuilder<...>', gave the following error.
    Argument of type '{ description: string; amount: number; category: string; due_day: number; is_pf: boolean; store_id: string; active: boolean; created_by: string; }' is not assignable to parameter of type '({ address?: string; cpf?: string; created_at?: string; created_by: string; email?: string; id?: string; name: string; notes?: string; phone?: string; updated_at?: string; } | { brand: string; capacity?: string; ... 14 more ...; updated_at?: string; } | ... 9 more ... | { ...; })[]'.
      Type '{ description: string; amount: number; category: string; due_day: number; is_pf: boolean; store_id: string; active: boolean; created_by: string; }' is missing the following properties from type '({ address?: string; cpf?: string; created_at?: string; created_by: string; email?: string; id?: string; name: string; notes?: string; phone?: string; updated_at?: string; } | { brand: string; capacity?: string; ... 14 more ...; updated_at?: string; } | ... 9 more ... | { ...; })[]': length, pop, push, concat, and 29 more.
src/pages/FinancasPF.tsx(339,43): error TS2769: No overload matches this call.
  Overload 1 of 2, '(relation: "stores" | "products" | "service_orders" | "customers" | "profiles" | "sales" | "service_order_history" | "store_bank_accounts" | "transactions" | "user_roles" | "webhooks" | "whatsapp_config"): PostgrestQueryBuilder<...>', gave the following error.
    Argument of type '"fixed_expenses"' is not assignable to parameter of type '"stores" | "products" | "service_orders" | "customers" | "profiles" | "sales" | "service_order_history" | "store_bank_accounts" | "transactions" | "user_roles" | "webhooks" | "whatsapp_config"'.
  Overload 2 of 2, '(relation: never): PostgrestQueryBuilder<{ PostgrestVersion: "14.4"; }, { Tables: { customers: { Row: { address: string; cpf: string; created_at: string; created_by: string; email: string; id: string; name: string; notes: string; phone: string; updated_at: string; }; Insert: { ...; }; Update: { ...; }; Relationships: []; }; ... 10 more ...; whatsapp_config: { ...; }; }; Views: {}; Functions: { ...; }; Enums: { ...; }; CompositeTypes: {}; }, never, never, never>', gave the following error.
    Argument of type '"fixed_expenses"' is not assignable to parameter of type 'never'.
src/pages/FinancasPF.tsx(347,84): error TS2339: Property 'active' does not exist on type 'never'.
src/pages/FinancasPF.tsx(355,22): error TS2339: Property 'active' does not exist on type 'never'.
src/pages/FinancasPF.tsx(358,19): error TS2339: Property 'amount' does not exist on type 'never'.
src/pages/FinancasPF.tsx(359,34): error TS2339: Property 'description' does not exist on type 'never'.
src/pages/FinancasPF.tsx(360,21): error TS2339: Property 'category' does not exist on type 'never'.
src/pages/FinancasPF.tsx(362,66): error TS2339: Property 'due_day' does not exist on type 'never'.
src/pages/FinancasPF.tsx(363,80): error TS2339: Property 'due_day' does not exist on type 'never'.
src/pages/FinancasPF.tsx(366,23): error TS2339: Property 'amount' does not exist on type 'never'.
src/pages/FinancasPF.tsx(697,33): error TS2339: Property 'source_account_id' does not exist on type '{ amount: number; category: string; created_at: string; created_by: string; description: string; id: string; product_id: string; store_id: string; type: string; }'.
src/pages/FinancasPF.tsx(699,52): error TS2339: Property 'source_account_id' does not exist on type '{ amount: number; category: string; created_at: string; created_by: string; description: string; id: string; product_id: string; store_id: string; type: string; }'.
src/pages/FinancasPF.tsx(702,33): error TS2339: Property 'receipt_url' does not exist on type '{ amount: number; category: string; created_at: string; created_by: string; description: string; id: string; product_id: string; store_id: string; type: string; }'.
src/pages/FinancasPF.tsx(703,43): error TS2339: Property 'receipt_url' does not exist on type '{ amount: number; category: string; created_at: string; created_by: string; description: string; id: string; product_id: string; store_id: string; type: string; }'.
src/pages/FinancasPF.tsx(725,34): error TS2339: Property 'reconciled' does not exist on type '{ amount: number; category: string; created_at: string; created_by: string; description: string; id: string; product_id: string; store_id: string; type: string; }'.
src/pages/FinancasPF.tsx(730,33): error TS2339: Property 'reconciled' does not exist on type '{ amount: number; category: string; created_at: string; created_by: string; description: string; id: string; product_id: string; store_id: string; type: string; }'.
src/pages/FinancasPF.tsx(787,32): error TS2339: Property 'id' does not exist on type 'never'.
src/pages/FinancasPF.tsx(787,82): error TS2339: Property 'active' does not exist on type 'never'.
src/pages/FinancasPF.tsx(791,72): error TS2339: Property 'description' does not exist on type 'never'.
src/pages/FinancasPF.tsx(792,104): error TS2339: Property 'category' does not exist on type 'never'.
src/pages/FinancasPF.tsx(794,98): error TS2339: Property 'due_day' does not exist on type 'never'.
src/pages/FinancasPF.tsx(797,113): error TS2339: Property 'amount' does not exist on type 'never'.
src/pages/FinancasPF.tsx(799,115): error TS2339: Property 'id' does not exist on type 'never'.
src/pages/FinancasPF.tsx(799,152): error TS2339: Property 'description' does not exist on type 'never'.
src/pages/FinancasPF.tsx(799,177): error TS2339: Property 'amount' does not exist on type 'never'.
src/pages/FinancasPF.tsx(799,210): error TS2339: Property 'category' does not exist on type 'never'.
src/pages/FinancasPF.tsx(799,240): error TS2339: Property 'due_day' does not exist on type 'never'.
src/pages/FinancasPF.tsx(799,278): error TS2339: Property 'active' does not exist on type 'never'.
src/pages/FinancasPF.tsx(802,166): error TS2339: Property 'id' does not exist on type 'never'.
src/pages/Leads.tsx(83,31): error TS2769: No overload matches this call.
  Overload 1 of 2, '(relation: "stores" | "products" | "service_orders" | "customers" | "profiles" | "sales" | "service_order_history" | "store_bank_accounts" | "transactions" | "user_roles" | "webhooks" | "whatsapp_config"): PostgrestQueryBuilder<...>', gave the following error.
    Argument of type '"leads"' is not assignable to parameter of type '"stores" | "products" | "service_orders" | "customers" | "profiles" | "sales" | "service_order_history" | "store_bank_accounts" | "transactions" | "user_roles" | "webhooks" | "whatsapp_config"'.
  Overload 2 of 2, '(relation: never): PostgrestQueryBuilder<{ PostgrestVersion: "14.4"; }, { Tables: { customers: { Row: { address: string; cpf: string; created_at: string; created_by: string; email: string; id: string; name: string; notes: string; phone: string; updated_at: string; }; Insert: { ...; }; Update: { ...; }; Relationships: []; }; ... 10 more ...; whatsapp_config: { ...; }; }; Views: {}; Functions: { ...; }; Enums: { ...; }; CompositeTypes: {}; }, never, never, never>', gave the following error.
    Argument of type '"leads"' is not assignable to parameter of type 'never'.
src/pages/Leads.tsx(90,15): error TS2589: Type instantiation is excessively deep and possibly infinite.
src/pages/Leads.tsx(107,28): error TS2589: Type instantiation is excessively deep and possibly infinite.
src/pages/Leads.tsx(108,13): error TS2769: No overload matches this call.
  Overload 1 of 2, '(relation: "stores" | "products" | "service_orders" | "customers" | "profiles" | "sales" | "service_order_history" | "store_bank_accounts" | "transactions" | "user_roles" | "webhooks" | "whatsapp_config"): PostgrestQueryBuilder<...>', gave the following error.
    Argument of type '"lead_messages"' is not assignable to parameter of type '"stores" | "products" | "service_orders" | "customers" | "profiles" | "sales" | "service_order_history" | "store_bank_accounts" | "transactions" | "user_roles" | "webhooks" | "whatsapp_config"'.
  Overload 2 of 2, '(relation: never): PostgrestQueryBuilder<{ PostgrestVersion: "14.4"; }, { Tables: { customers: { Row: { address: string; cpf: string; created_at: string; created_by: string; email: string; id: string; name: string; notes: string; phone: string; updated_at: string; }; Insert: { ...; }; Update: { ...; }; Relationships: []; }; ... 10 more ...; whatsapp_config: { ...; }; }; Views: {}; Functions: { ...; }; Enums: { ...; }; CompositeTypes: {}; }, never, never, never>', gave the following error.
    Argument of type '"lead_messages"' is not assignable to parameter of type 'never'.
src/pages/Leads.tsx(152,43): error TS2769: No overload matches this call.
  Overload 1 of 2, '(relation: "stores" | "products" | "service_orders" | "customers" | "profiles" | "sales" | "service_order_history" | "store_bank_accounts" | "transactions" | "user_roles" | "webhooks" | "whatsapp_config"): PostgrestQueryBuilder<...>', gave the following error.
    Argument of type '"leads"' is not assignable to parameter of type '"stores" | "products" | "service_orders" | "customers" | "profiles" | "sales" | "service_order_history" | "store_bank_accounts" | "transactions" | "user_roles" | "webhooks" | "whatsapp_config"'.
  Overload 2 of 2, '(relation: never): PostgrestQueryBuilder<{ PostgrestVersion: "14.4"; }, { Tables: { customers: { Row: { address: string; cpf: string; created_at: string; created_by: string; email: string; id: string; name: string; notes: string; phone: string; updated_at: string; }; Insert: { ...; }; Update: { ...; }; Relationships: []; }; ... 10 more ...; whatsapp_config: { ...; }; }; Views: {}; Functions: { ...; }; Enums: { ...; }; CompositeTypes: {}; }, never, never, never>', gave the following error.
    Argument of type '"leads"' is not assignable to parameter of type 'never'.
src/pages/Leads.tsx(170,43): error TS2769: No overload matches this call.
  Overload 1 of 2, '(relation: "stores" | "products" | "service_orders" | "customers" | "profiles" | "sales" | "service_order_history" | "store_bank_accounts" | "transactions" | "user_roles" | "webhooks" | "whatsapp_config"): PostgrestQueryBuilder<...>', gave the following error.
    Argument of type '"leads"' is not assignable to parameter of type '"stores" | "products" | "service_orders" | "customers" | "profiles" | "sales" | "service_order_history" | "store_bank_accounts" | "transactions" | "user_roles" | "webhooks" | "whatsapp_config"'.
  Overload 2 of 2, '(relation: never): PostgrestQueryBuilder<{ PostgrestVersion: "14.4"; }, { Tables: { customers: { Row: { address: string; cpf: string; created_at: string; created_by: string; email: string; id: string; name: string; notes: string; phone: string; updated_at: string; }; Insert: { ...; }; Update: { ...; }; Relationships: []; }; ... 10 more ...; whatsapp_config: { ...; }; }; Views: {}; Functions: { ...; }; Enums: { ...; }; CompositeTypes: {}; }, never, never, never>', gave the following error.
    Argument of type '"leads"' is not assignable to parameter of type 'never'.
src/pages/Leads.tsx(209,43): error TS2769: No overload matches this call.
  Overload 1 of 2, '(relation: "stores" | "products" | "service_orders" | "customers" | "profiles" | "sales" | "service_order_history" | "store_bank_accounts" | "transactions" | "user_roles" | "webhooks" | "whatsapp_config"): PostgrestQueryBuilder<...>', gave the following error.
    Argument of type '"leads"' is not assignable to parameter of type '"stores" | "products" | "service_orders" | "customers" | "profiles" | "sales" | "service_order_history" | "store_bank_accounts" | "transactions" | "user_roles" | "webhooks" | "whatsapp_config"'.
  Overload 2 of 2, '(relation: never): PostgrestQueryBuilder<{ PostgrestVersion: "14.4"; }, { Tables: { customers: { Row: { address: string; cpf: string; created_at: string; created_by: string; email: string; id: string; name: string; notes: string; phone: string; updated_at: string; }; Insert: { ...; }; Update: { ...; }; Relationships: []; }; ... 10 more ...; whatsapp_config: { ...; }; }; Views: {}; Functions: { ...; }; Enums: { ...; }; CompositeTypes: {}; }, never, never, never>', gave the following error.
    Argument of type '"leads"' is not assignable to parameter of type 'never'.
src/pages/Leads.tsx(254,45): error TS2769: No overload matches this call.
  Overload 1 of 2, '(relation: "stores" | "products" | "service_orders" | "customers" | "profiles" | "sales" | "service_order_history" | "store_bank_accounts" | "transactions" | "user_roles" | "webhooks" | "whatsapp_config"): PostgrestQueryBuilder<...>', gave the following error.
    Argument of type '"leads"' is not assignable to parameter of type '"stores" | "products" | "service_orders" | "customers" | "profiles" | "sales" | "service_order_history" | "store_bank_accounts" | "transactions" | "user_roles" | "webhooks" | "whatsapp_config"'.
  Overload 2 of 2, '(relation: never): PostgrestQueryBuilder<{ PostgrestVersion: "14.4"; }, { Tables: { customers: { Row: { address: string; cpf: string; created_at: string; created_by: string; email: string; id: string; name: string; notes: string; phone: string; updated_at: string; }; Insert: { ...; }; Update: { ...; }; Relationships: []; }; ... 10 more ...; whatsapp_config: { ...; }; }; Views: {}; Functions: { ...; }; Enums: { ...; }; CompositeTypes: {}; }, never, never, never>', gave the following error.
    Argument of type '"leads"' is not assignable to parameter of type 'never'.
src/pages/Leads.tsx(273,17): error TS2769: No overload matches this call.
  Overload 1 of 2, '(relation: "stores" | "products" | "service_orders" | "customers" | "profiles" | "sales" | "service_order_history" | "store_bank_accounts" | "transactions" | "user_roles" | "webhooks" | "whatsapp_config"): PostgrestQueryBuilder<...>', gave the following error.
    Argument of type '"leads"' is not assignable to parameter of type '"stores" | "products" | "service_orders" | "customers" | "profiles" | "sales" | "service_order_history" | "store_bank_accounts" | "transactions" | "user_roles" | "webhooks" | "whatsapp_config"'.
  Overload 2 of 2, '(relation: never): PostgrestQueryBuilder<{ PostgrestVersion: "14.4"; }, { Tables: { customers: { Row: { address: string; cpf: string; created_at: string; created_by: string; email: string; id: string; name: string; notes: string; phone: string; updated_at: string; }; Insert: { ...; }; Update: { ...; }; Relationships: []; }; ... 10 more ...; whatsapp_config: { ...; }; }; Views: {}; Functions: { ...; }; Enums: { ...; }; CompositeTypes: {}; }, never, never, never>', gave the following error.
    Argument of type '"leads"' is not assignable to parameter of type 'never'.
src/pages/Leads.tsx(279,38): error TS2339: Property 'phone' does not exist on type '{ brand: string; capacity: string; color: string; condition: string; cost_price: number; created_at: string; created_by: string; id: string; imei: string; model: string; name: string; product_type: string; ... 4 more ...; updated_at: string; } | ... 10 more ... | { ...; }'.
  Property 'phone' does not exist on type '{ brand: string; capacity: string; color: string; condition: string; cost_price: number; created_at: string; created_by: string; id: string; imei: string; model: string; name: string; product_type: string; ... 4 more ...; updated_at: string; }'.
src/pages/Lojas.tsx(58,61): error TS2344: Type '"fixed_expenses"' does not satisfy the constraint '"stores" | "products" | "service_orders" | "customers" | { schema: "public"; } | "profiles" | "sales" | "service_order_history" | "store_bank_accounts" | "transactions" | "user_roles" | "webhooks" | "whatsapp_config"'.
src/pages/Lojas.tsx(100,7): error TS2589: Type instantiation is excessively deep and possibly infinite.
src/pages/Lojas.tsx(100,21): error TS2769: No overload matches this call.
  Overload 1 of 2, '(relation: "stores" | "products" | "service_orders" | "customers" | "profiles" | "sales" | "service_order_history" | "store_bank_accounts" | "transactions" | "user_roles" | "webhooks" | "whatsapp_config"): PostgrestQueryBuilder<...>', gave the following error.
    Argument of type '"fixed_expenses"' is not assignable to parameter of type '"stores" | "products" | "service_orders" | "customers" | "profiles" | "sales" | "service_order_history" | "store_bank_accounts" | "transactions" | "user_roles" | "webhooks" | "whatsapp_config"'.
  Overload 2 of 2, '(relation: never): PostgrestQueryBuilder<{ PostgrestVersion: "14.4"; }, { Tables: { customers: { Row: { address: string; cpf: string; created_at: string; created_by: string; email: string; id: string; name: string; notes: string; phone: string; updated_at: string; }; Insert: { ...; }; Update: { ...; }; Relationships: []; }; ... 10 more ...; whatsapp_config: { ...; }; }; Views: {}; Functions: { ...; }; Enums: { ...; }; CompositeTypes: {}; }, never, never, never>', gave the following error.
    Argument of type '"fixed_expenses"' is not assignable to parameter of type 'never'.
src/pages/Lojas.tsx(104,22): error TS2345: Argument of type '({ brand: string; capacity: string; color: string; condition: string; cost_price: number; created_at: string; created_by: string; id: string; imei: string; model: string; name: string; product_type: string; ... 4 more ...; updated_at: string; } | ... 10 more ... | { ...; })[]' is not assignable to parameter of type 'SetStateAction<never[]>'.
  Type '({ brand: string; capacity: string; color: string; condition: string; cost_price: number; created_at: string; created_by: string; id: string; imei: string; model: string; name: string; product_type: string; ... 4 more ...; updated_at: string; } | ... 10 more ... | { ...; })[]' is not assignable to type 'never[]'.
    Type '{ brand: string; capacity: string; color: string; condition: string; cost_price: number; created_at: string; created_by: string; id: string; imei: string; model: string; name: string; product_type: string; ... 4 more ...; updated_at: string; } | ... 10 more ... | { ...; }' is not assignable to type 'never'.
      Type '{ brand: string; capacity: string; color: string; condition: string; cost_price: number; created_at: string; created_by: string; id: string; imei: string; model: string; name: string; product_type: string; ... 4 more ...; updated_at: string; }' is not assignable to type 'never'.
src/pages/Lojas.tsx(242,45): error TS2769: No overload matches this call.
  Overload 1 of 2, '(relation: "stores" | "products" | "service_orders" | "customers" | "profiles" | "sales" | "service_order_history" | "store_bank_accounts" | "transactions" | "user_roles" | "webhooks" | "whatsapp_config"): PostgrestQueryBuilder<...>', gave the following error.
    Argument of type '"fixed_expenses"' is not assignable to parameter of type '"stores" | "products" | "service_orders" | "customers" | "profiles" | "sales" | "service_order_history" | "store_bank_accounts" | "transactions" | "user_roles" | "webhooks" | "whatsapp_config"'.
  Overload 2 of 2, '(relation: never): PostgrestQueryBuilder<{ PostgrestVersion: "14.4"; }, { Tables: { customers: { Row: { address: string; cpf: string; created_at: string; created_by: string; email: string; id: string; name: string; notes: string; phone: string; updated_at: string; }; Insert: { ...; }; Update: { ...; }; Relationships: []; }; ... 10 more ...; whatsapp_config: { ...; }; }; Views: {}; Functions: { ...; }; Enums: { ...; }; CompositeTypes: {}; }, never, never, never>', gave the following error.
    Argument of type '"fixed_expenses"' is not assignable to parameter of type 'never'.
src/pages/Lojas.tsx(251,45): error TS2769: No overload matches this call.
  Overload 1 of 2, '(relation: "stores" | "products" | "service_orders" | "customers" | "profiles" | "sales" | "service_order_history" | "store_bank_accounts" | "transactions" | "user_roles" | "webhooks" | "whatsapp_config"): PostgrestQueryBuilder<...>', gave the following error.
    Argument of type '"fixed_expenses"' is not assignable to parameter of type '"stores" | "products" | "service_orders" | "customers" | "profiles" | "sales" | "service_order_history" | "store_bank_accounts" | "transactions" | "user_roles" | "webhooks" | "whatsapp_config"'.
  Overload 2 of 2, '(relation: never): PostgrestQueryBuilder<{ PostgrestVersion: "14.4"; }, { Tables: { customers: { Row: { address: string; cpf: string; created_at: string; created_by: string; email: string; id: string; name: string; notes: string; phone: string; updated_at: string; }; Insert: { ...; }; Update: { ...; }; Relationships: []; }; ... 10 more ...; whatsapp_config: { ...; }; }; Views: {}; Functions: { ...; }; Enums: { ...; }; CompositeTypes: {}; }, never, never, never>', gave the following error.
    Argument of type '"fixed_expenses"' is not assignable to parameter of type 'never'.
src/pages/Lojas.tsx(251,70): error TS2769: No overload matches this call.
  Overload 1 of 2, '(values: { address?: string; cpf?: string; created_at?: string; created_by: string; email?: string; id?: string; name: string; notes?: string; phone?: string; updated_at?: string; } | { brand: string; capacity?: string; ... 14 more ...; updated_at?: string; } | ... 9 more ... | { ...; }, options?: { ...; }): PostgrestFilterBuilder<...>', gave the following error.
    Argument of type '{ description: string; amount: number; category: string; due_day: number; is_pf: boolean; store_id: string; active: boolean; created_by: string; }' is not assignable to parameter of type '{ address?: string; cpf?: string; created_at?: string; created_by: string; email?: string; id?: string; name: string; notes?: string; phone?: string; updated_at?: string; } | { brand: string; capacity?: string; ... 14 more ...; updated_at?: string; } | ... 9 more ... | { ...; }'.
      Property 'type' is missing in type '{ description: string; amount: number; category: string; due_day: number; is_pf: boolean; store_id: string; active: boolean; created_by: string; }' but required in type '{ amount: number; category?: string; created_at?: string; created_by: string; description?: string; id?: string; product_id?: string; store_id?: string; type: string; }'.
  Overload 2 of 2, '(values: ({ address?: string; cpf?: string; created_at?: string; created_by: string; email?: string; id?: string; name: string; notes?: string; phone?: string; updated_at?: string; } | { brand: string; capacity?: string; ... 14 more ...; updated_at?: string; } | ... 9 more ... | { ...; })[], options?: { ...; }): PostgrestFilterBuilder<...>', gave the following error.
    Argument of type '{ description: string; amount: number; category: string; due_day: number; is_pf: boolean; store_id: string; active: boolean; created_by: string; }' is not assignable to parameter of type '({ address?: string; cpf?: string; created_at?: string; created_by: string; email?: string; id?: string; name: string; notes?: string; phone?: string; updated_at?: string; } | { brand: string; capacity?: string; ... 14 more ...; updated_at?: string; } | ... 9 more ... | { ...; })[]'.
      Type '{ description: string; amount: number; category: string; due_day: number; is_pf: boolean; store_id: string; active: boolean; created_by: string; }' is missing the following properties from type '({ address?: string; cpf?: string; created_at?: string; created_by: string; email?: string; id?: string; name: string; notes?: string; phone?: string; updated_at?: string; } | { brand: string; capacity?: string; ... 14 more ...; updated_at?: string; } | ... 9 more ... | { ...; })[]': length, pop, push, concat, and 29 more.
src/pages/Lojas.tsx(263,43): error TS2769: No overload matches this call.
  Overload 1 of 2, '(relation: "stores" | "products" | "service_orders" | "customers" | "profiles" | "sales" | "service_order_history" | "store_bank_accounts" | "transactions" | "user_roles" | "webhooks" | "whatsapp_config"): PostgrestQueryBuilder<...>', gave the following error.
    Argument of type '"fixed_expenses"' is not assignable to parameter of type '"stores" | "products" | "service_orders" | "customers" | "profiles" | "sales" | "service_order_history" | "store_bank_accounts" | "transactions" | "user_roles" | "webhooks" | "whatsapp_config"'.
  Overload 2 of 2, '(relation: never): PostgrestQueryBuilder<{ PostgrestVersion: "14.4"; }, { Tables: { customers: { Row: { address: string; cpf: string; created_at: string; created_by: string; email: string; id: string; name: string; notes: string; phone: string; updated_at: string; }; Insert: { ...; }; Update: { ...; }; Relationships: []; }; ... 10 more ...; whatsapp_config: { ...; }; }; Views: {}; Functions: { ...; }; Enums: { ...; }; CompositeTypes: {}; }, never, never, never>', gave the following error.
    Argument of type '"fixed_expenses"' is not assignable to parameter of type 'never'.
src/pages/Lojas.tsx(269,55): error TS2339: Property 'store_id' does not exist on type 'never'.
src/pages/Lojas.tsx(269,81): error TS2339: Property 'active' does not exist on type 'never'.
src/pages/Lojas.tsx(287,17): error TS2339: Property 'amount' does not exist on type 'never'.
src/pages/Lojas.tsx(288,32): error TS2339: Property 'description' does not exist on type 'never'.
src/pages/Lojas.tsx(289,19): error TS2339: Property 'category' does not exist on type 'never'.
src/pages/Lojas.tsx(291,88): error TS2339: Property 'due_day' does not exist on type 'never'.
src/pages/Lojas.tsx(293,21): error TS2339: Property 'amount' does not exist on type 'never'.
src/pages/Lojas.tsx(490,50): error TS2339: Property 'store_id' does not exist on type 'never'.
src/pages/Lojas.tsx(492,54): error TS2339: Property 'store_id' does not exist on type 'never'.
src/pages/Lojas.tsx(493,39): error TS2339: Property 'id' does not exist on type 'never'.
src/pages/Lojas.tsx(493,122): error TS2339: Property 'active' does not exist on type 'never'.
src/pages/Lojas.tsx(495,70): error TS2339: Property 'description' does not exist on type 'never'.
src/pages/Lojas.tsx(496,86): error TS2339: Property 'due_day' does not exist on type 'never'.
src/pages/Lojas.tsx(496,100): error TS2339: Property 'category' does not exist on type 'never'.
src/pages/Lojas.tsx(499,79): error TS2339: Property 'amount' does not exist on type 'never'.
src/pages/Lojas.tsx(502,164): error TS2339: Property 'id' does not exist on type 'never'.
src/pages/Lojas.tsx(502,199): error TS2339: Property 'description' does not exist on type 'never'.
src/pages/Lojas.tsx(502,222): error TS2339: Property 'amount' does not exist on type 'never'.
src/pages/Lojas.tsx(502,253): error TS2339: Property 'category' does not exist on type 'never'.
src/pages/Lojas.tsx(502,281): error TS2339: Property 'due_day' does not exist on type 'never'.
src/pages/Lojas.tsx(502,317): error TS2339: Property 'active' does not exist on type 'never'.
src/pages/Lojas.tsx(505,142): error TS2339: Property 'id' does not exist on type 'never'.
src/pages/Transacoes.tsx(194,29): error TS2339: Property 'source_account_id' does not exist on type '{ amount: number; category: string; created_at: string; created_by: string; description: string; id: string; product_id: string; store_id: string; type: string; }'.
src/pages/Transacoes.tsx(195,34): error TS2339: Property 'destination_account_id' does not exist on type '{ amount: number; category: string; created_at: string; created_by: string; description: string; id: string; product_id: string; store_id: string; type: string; }'.
src/pages/Transacoes.tsx(198,30): error TS2339: Property 'receipt_url' does not exist on type '{ amount: number; category: string; created_at: string; created_by: string; description: string; id: string; product_id: string; store_id: string; type: string; }'.
src/pages/Transacoes.tsx(223,12): error TS2339: Property 'reconciled' does not exist on type '{ amount: number; category: string; created_at: string; created_by: string; description: string; id: string; product_id: string; store_id: string; type: string; }'.
src/pages/Transacoes.tsx(225,70): error TS2353: Object literal may only specify known properties, and 'reconciled' does not exist in type '{ amount?: number; category?: string; created_at?: string; created_by?: string; description?: string; id?: string; product_id?: string; store_id?: string; type?: string; }'.
src/pages/Transacoes.tsx(238,30): error TS2339: Property 'receipt_url' does not exist on type '{ amount: number; category: string; created_at: string; created_by: string; description: string; id: string; product_id: string; store_id: string; type: string; }'.
src/pages/Transacoes.tsx(386,99): error TS2339: Property 'owner_type' does not exist on type '{ account_number: string; account_type: string; agency: string; bank_name: string; created_at: string; holder_cpf_cnpj: string; holder_name: string; id: string; is_primary: boolean; pix_key: string; store_id: string; updated_at: string; }'.
src/pages/Transacoes.tsx(503,26): error TS2339: Property 'source_account_id' does not exist on type '{ amount: number; category: string; created_at: string; created_by: string; description: string; id: string; product_id: string; store_id: string; type: string; }'.
src/pages/Transacoes.tsx(503,50): error TS2339: Property 'destination_account_id' does not exist on type '{ amount: number; category: string; created_at: string; created_by: string; description: string; id: string; product_id: string; store_id: string; type: string; }'.
src/pages/Transacoes.tsx(505,29): error TS2339: Property 'source_account_id' does not exist on type '{ amount: number; category: string; created_at: string; created_by: string; description: string; id: string; product_id: string; store_id: string; type: string; }'.
src/pages/Transacoes.tsx(505,67): error TS2339: Property 'source_account_id' does not exist on type '{ amount: number; category: string; created_at: string; created_by: string; description: string; id: string; product_id: string; store_id: string; type: string; }'.
src/pages/Transacoes.tsx(506,29): error TS2339: Property 'source_account_id' does not exist on type '{ amount: number; category: string; created_at: string; created_by: string; description: string; id: string; product_id: string; store_id: string; type: string; }'.
src/pages/Transacoes.tsx(506,53): error TS2339: Property 'destination_account_id' does not exist on type '{ amount: number; category: string; created_at: string; created_by: string; description: string; id: string; product_id: string; store_id: string; type: string; }'.
src/pages/Transacoes.tsx(507,29): error TS2339: Property 'destination_account_id' does not exist on type '{ amount: number; category: string; created_at: string; created_by: string; description: string; id: string; product_id: string; store_id: string; type: string; }'.
src/pages/Transacoes.tsx(507,72): error TS2339: Property 'destination_account_id' does not exist on type '{ amount: number; category: string; created_at: string; created_by: string; description: string; id: string; product_id: string; store_id: string; type: string; }'.
src/pages/Transacoes.tsx(510,25): error TS2339: Property 'receipt_url' does not exist on type '{ amount: number; category: string; created_at: string; created_by: string; description: string; id: string; product_id: string; store_id: string; type: string; }'.
src/pages/Transacoes.tsx(511,35): error TS2339: Property 'receipt_url' does not exist on type '{ amount: number; category: string; created_at: string; created_by: string; description: string; id: string; product_id: string; store_id: string; type: string; }'.
src/pages/Transacoes.tsx(529,26): error TS2339: Property 'reconciled' does not exist on type '{ amount: number; category: string; created_at: string; created_by: string; description: string; id: string; product_id: string; store_id: string; type: string; }'.
src/pages/Transacoes.tsx(534,25): error TS2339: Property 'reconciled' does not exist on type '{ amount: number; category: string; created_at: string; created_by: string; description: string; id: string; product_id: string; store_id: string; type: string; }'.
src/utils/auditLogger.ts(38,43): error TS2769: No overload matches this call.
  Overload 1 of 2, '(relation: "stores" | "products" | "service_orders" | "customers" | "profiles" | "sales" | "service_order_history" | "store_bank_accounts" | "transactions" | "user_roles" | "webhooks" | "whatsapp_config"): PostgrestQueryBuilder<...>', gave the following error.
    Argument of type '"audit_logs"' is not assignable to parameter of type '"stores" | "products" | "service_orders" | "customers" | "profiles" | "sales" | "service_order_history" | "store_bank_accounts" | "transactions" | "user_roles" | "webhooks" | "whatsapp_config"'.
  Overload 2 of 2, '(relation: never): PostgrestQueryBuilder<{ PostgrestVersion: "14.4"; }, { Tables: { customers: { Row: { address: string; cpf: string; created_at: string; created_by: string; email: string; id: string; name: string; notes: string; phone: string; updated_at: string; }; Insert: { ...; }; Update: { ...; }; Relationships: []; }; ... 10 more ...; whatsapp_config: { ...; }; }; Views: {}; Functions: { ...; }; Enums: { ...; }; CompositeTypes: {}; }, never, never, never>', gave the following error.
    Argument of type '"audit_logs"' is not assignable to parameter of type 'never'.
src/utils/notaFiscalInterna.ts(132,107): error TS2353: Object literal may only specify known properties, and 'fontSize' does not exist in type 'TextOptionsLight'.
